// Jest Snapshot v1, https://goo.gl/fbAQLP

exports[`matches snapshot with no jobs 1`] = `
<DocumentFragment>
  <div
    class="LoadingSpinner"
  >
    Loading ...
  </div>
</DocumentFragment>
`;
